// Vitest Snapshot v1, https://vitest.dev/guide/snapshot.html

exports[`renders AerisDashboard snapshot 1`] = `
<DocumentFragment>
  <div
    class="space-y-4"
  >
    <div
      class="rounded-lg border bg-white shadow-sm"
    >
      <div
        class="p-4 border-b"
      >
        <h3
          class="text-lg font-semibold"
        >
          AERIS Score
        </h3>
      </div>
      <div
        class="p-4"
      >
        <div
          class="text-4xl font-bold"
        >
          42
        </div>
      </div>
    </div>
    <div
      class="rounded-lg border bg-white shadow-sm"
    >
      <div
        class="p-4 border-b"
      >
        <h3
          class="text-lg font-semibold"
        >
          Peer Benchmark
        </h3>
      </div>
      <div
        class="p-4"
      >
        <div
          class="w-full overflow-auto"
        >
          <table
            class="w-full caption-bottom text-sm"
          >
            <thead
              class="[&_tr]:border-b"
            >
              <tr
                class="border-b transition-colors"
              >
                <th
                  class="h-10 px-2 text-left align-middle font-medium text-gray-600"
                >
                  Peer
                </th>
                <th
                  class="h-10 px-2 text-left align-middle font-medium text-gray-600 text-right"
                >
                  Score
                </th>
              </tr>
            </thead>
            <tbody
              class="bg-white"
            >
              <tr
                class="border-b transition-colors"
              >
                <td
                  class="p-2 align-middle"
                >
                  Peer 1
                </td>
                <td
                  class="p-2 align-middle text-right"
                >
                  50
                </td>
              </tr>
            </tbody>
          </table>
        </div>
      </div>
    </div>
    <div
      class="rounded-lg border bg-white shadow-sm"
    >
      <div
        class="p-4 border-b"
      >
        <h3
          class="text-lg font-semibold"
        >
          Signals
        </h3>
      </div>
      <div
        class="p-4 space-y-2"
      >
        <div>
          <div
            class="flex justify-between text-sm mb-1"
          >
            <span>
              Signal A
            </span>
            <span>
              80
            </span>
          </div>
          <div
            class="w-full bg-gray-200 rounded"
          >
            <div
              class="h-2 bg-primary rounded"
              style="width: 80%;"
            />
          </div>
        </div>
        <div>
          <div
            class="flex justify-between text-sm mb-1"
          >
            <span>
              Signal B
            </span>
            <span>
              20
            </span>
          </div>
          <div
            class="w-full bg-gray-200 rounded"
          >
            <div
              class="h-2 bg-primary rounded"
              style="width: 20%;"
            />
          </div>
        </div>
      </div>
    </div>
    <div
      class="rounded-lg border bg-white shadow-sm"
    >
      <div
        class="p-4 border-b"
      >
        <h3
          class="text-lg font-semibold"
        >
          Variants
        </h3>
      </div>
      <div
        class="p-4"
      >
        <div
          class="flex items-end h-32 gap-2"
        >
          <div
            class="flex-1"
          >
            <div
              class="bg-primary w-full rounded-t"
              style="height: 30%;"
            />
            <div
              class="text-xs text-center mt-1"
            >
              V1
            </div>
          </div>
        </div>
      </div>
    </div>
    <div
      class="rounded-lg border bg-white shadow-sm"
    >
      <div
        class="p-4 border-b"
      >
        <h3
          class="text-lg font-semibold"
        >
          Opportunities
        </h3>
      </div>
      <div
        class="p-4"
      >
        <ul
          class="list-disc pl-5 space-y-1 text-sm"
        >
          <li>
            Opportunity 1
          </li>
        </ul>
      </div>
    </div>
    <div
      class="rounded-lg border bg-white shadow-sm"
    >
      <div
        class="p-4 border-b"
      >
        <h3
          class="text-lg font-semibold"
        >
          Narratives
        </h3>
      </div>
      <div
        class="p-4"
      >
        <ul
          class="list-disc pl-5 space-y-1 text-sm"
        >
          <li>
            Narrative 1
          </li>
        </ul>
      </div>
    </div>
  </div>
</DocumentFragment>
`;
